// Jest Snapshot v1, https://goo.gl/fbAQLP

exports[`renders Cell component link 1`] = `ShallowWrapper {}`;
