// Jest Snapshot v1, https://goo.gl/fbAQLP

exports[`renders App component link 1`] = `ShallowWrapper {}`;
